12 signals in first file
43 signals in second file
12 signals under `axis_frame_fifo.` in first file
43 signals under `TOP.` in second file
12 common signals
12 filtered and unignored signals
Reading first file
Reading second file
Comparing clk
Comparing drop_frame
Comparing input_axis_tdata[7:0]
Comparing input_axis_tlast
Comparing input_axis_tready
Comparing input_axis_tuser
Comparing input_axis_tvalid
Comparing output_axis_tdata[7:0]
Comparing output_axis_tlast
Comparing output_axis_tready
Comparing output_axis_tvalid
Comparing rst
