c++  -I/opt/homebrew/opt/llvm@17/include -I.  -MMD -I/opt/homebrew/Cellar/verilator/5.048/share/verilator/include -I/opt/homebrew/Cellar/verilator/5.048/share/verilator/include/vltstd -DVERILATOR=1 -DVM_COVERAGE=0 -DVM_SC=0 -DVM_TIMING=0 -DVM_TRACE=1 -DVM_TRACE_FST=0 -DVM_TRACE_VCD=1 -DVM_TRACE_SAIF=0 -faligned-new -fbracket-depth=4096 -fcf-protection=none -Xclang -fno-pch-timestamp -Qunused-arguments -Wno-bool-operation -Wno-c++11-narrowing -Wno-constant-logical-operand -Wno-int-in-bool-context -Wno-non-pod-varargs -Wno-parentheses-equality -Wno-shadow -Wno-sign-compare -Wno-tautological-bitwise-compare -Wno-tautological-compare -Wno-uninitialized -Wno-unnecessary-virtual-specifier -Wno-unused-but-set-parameter -Wno-unused-but-set-variable -Wno-unused-parameter -Wno-unused-variable -Wno-vla-cxx-extension      -Os  -c -o driver.o /Users/bytedance/cym/cymProject/k-circt-top-repo/services/kcirct-exp/external-defects/.runs/vcd-complete-01/d11/buggy/native/driver.cpp
c++ -Os  -I/opt/homebrew/opt/llvm@17/include -I.  -MMD -I/opt/homebrew/Cellar/verilator/5.048/share/verilator/include -I/opt/homebrew/Cellar/verilator/5.048/share/verilator/include/vltstd -DVERILATOR=1 -DVM_COVERAGE=0 -DVM_SC=0 -DVM_TIMING=0 -DVM_TRACE=1 -DVM_TRACE_FST=0 -DVM_TRACE_VCD=1 -DVM_TRACE_SAIF=0 -faligned-new -fbracket-depth=4096 -fcf-protection=none -Xclang -fno-pch-timestamp -Qunused-arguments -Wno-bool-operation -Wno-c++11-narrowing -Wno-constant-logical-operand -Wno-int-in-bool-context -Wno-non-pod-varargs -Wno-parentheses-equality -Wno-shadow -Wno-sign-compare -Wno-tautological-bitwise-compare -Wno-tautological-compare -Wno-uninitialized -Wno-unnecessary-virtual-specifier -Wno-unused-but-set-parameter -Wno-unused-but-set-variable -Wno-unused-parameter -Wno-unused-variable -Wno-vla-cxx-extension      -c -o verilated.o /opt/homebrew/Cellar/verilator/5.048/share/verilator/include/verilated.cpp
c++ -Os  -I/opt/homebrew/opt/llvm@17/include -I.  -MMD -I/opt/homebrew/Cellar/verilator/5.048/share/verilator/include -I/opt/homebrew/Cellar/verilator/5.048/share/verilator/include/vltstd -DVERILATOR=1 -DVM_COVERAGE=0 -DVM_SC=0 -DVM_TIMING=0 -DVM_TRACE=1 -DVM_TRACE_FST=0 -DVM_TRACE_VCD=1 -DVM_TRACE_SAIF=0 -faligned-new -fbracket-depth=4096 -fcf-protection=none -Xclang -fno-pch-timestamp -Qunused-arguments -Wno-bool-operation -Wno-c++11-narrowing -Wno-constant-logical-operand -Wno-int-in-bool-context -Wno-non-pod-varargs -Wno-parentheses-equality -Wno-shadow -Wno-sign-compare -Wno-tautological-bitwise-compare -Wno-tautological-compare -Wno-uninitialized -Wno-unnecessary-virtual-specifier -Wno-unused-but-set-parameter -Wno-unused-but-set-variable -Wno-unused-parameter -Wno-unused-variable -Wno-vla-cxx-extension      -c -o verilated_vcd_c.o /opt/homebrew/Cellar/verilator/5.048/share/verilator/include/verilated_vcd_c.cpp
c++ -Os  -I/opt/homebrew/opt/llvm@17/include -I.  -MMD -I/opt/homebrew/Cellar/verilator/5.048/share/verilator/include -I/opt/homebrew/Cellar/verilator/5.048/share/verilator/include/vltstd -DVERILATOR=1 -DVM_COVERAGE=0 -DVM_SC=0 -DVM_TIMING=0 -DVM_TRACE=1 -DVM_TRACE_FST=0 -DVM_TRACE_VCD=1 -DVM_TRACE_SAIF=0 -faligned-new -fbracket-depth=4096 -fcf-protection=none -Xclang -fno-pch-timestamp -Qunused-arguments -Wno-bool-operation -Wno-c++11-narrowing -Wno-constant-logical-operand -Wno-int-in-bool-context -Wno-non-pod-varargs -Wno-parentheses-equality -Wno-shadow -Wno-sign-compare -Wno-tautological-bitwise-compare -Wno-tautological-compare -Wno-uninitialized -Wno-unnecessary-virtual-specifier -Wno-unused-but-set-parameter -Wno-unused-but-set-variable -Wno-unused-parameter -Wno-unused-variable -Wno-vla-cxx-extension      -c -o verilated_threads.o /opt/homebrew/Cellar/verilator/5.048/share/verilator/include/verilated_threads.cpp
python3 /opt/homebrew/Cellar/verilator/5.048/share/verilator/bin/verilator_includer -DVL_INCLUDE_OPT=include Vcsvdut.cpp Vcsvdut___024root__0.cpp Vcsvdut__Trace__0.cpp Vcsvdut___024root__Slow.cpp Vcsvdut___024root__0__Slow.cpp Vcsvdut__Syms__Slow.cpp Vcsvdut__Trace__0__Slow.cpp Vcsvdut__TraceDecls__0__Slow.cpp > Vcsvdut__ALL.cpp
c++ -Os  -I/opt/homebrew/opt/llvm@17/include -I.  -MMD -I/opt/homebrew/Cellar/verilator/5.048/share/verilator/include -I/opt/homebrew/Cellar/verilator/5.048/share/verilator/include/vltstd -DVERILATOR=1 -DVM_COVERAGE=0 -DVM_SC=0 -DVM_TIMING=0 -DVM_TRACE=1 -DVM_TRACE_FST=0 -DVM_TRACE_VCD=1 -DVM_TRACE_SAIF=0 -faligned-new -fbracket-depth=4096 -fcf-protection=none -Xclang -fno-pch-timestamp -Qunused-arguments -Wno-bool-operation -Wno-c++11-narrowing -Wno-constant-logical-operand -Wno-int-in-bool-context -Wno-non-pod-varargs -Wno-parentheses-equality -Wno-shadow -Wno-sign-compare -Wno-tautological-bitwise-compare -Wno-tautological-compare -Wno-uninitialized -Wno-unnecessary-virtual-specifier -Wno-unused-but-set-parameter -Wno-unused-but-set-variable -Wno-unused-parameter -Wno-unused-variable -Wno-vla-cxx-extension      -c -o Vcsvdut__ALL.o Vcsvdut__ALL.cpp
c++ -L/opt/homebrew/opt/llvm@17/lib  -Wl,-U,__Z15vl_time_stamp64v,-U,__Z13sc_time_stampv,-U,_vlog_startup_routines   driver.o verilated.o verilated_vcd_c.o verilated_threads.o Vcsvdut__ALL.a    -pthread -lpthread   -o sim
rm Vcsvdut__ALL.verilator_deplist.tmp
- V e r i l a t i o n   R e p o r t: Verilator 5.048 2026-04-26 rev vUNKNOWN-built20260426
- Verilator: Built from 0.042 MB sources in 2 modules, into 0.058 MB in 8 C++ files needing 0.000 MB
- Verilator: Walltime 3.320 s (elab=0.001, cvt=0.009, bld=3.258); cpu 0.012 s on 1 threads; allocated 11.078 MB
%Warning-WIDTHEXPAND: /Users/bytedance/cym/cymProject/k-circt-top-repo/services/kcirct-exp/external-defects/designs/axis-frame-fifo-d11/variants/d11/axis_frame_fifo_bug_d11.v:67:39: Operator ASSIGN expects 10 bits on the Assign RHS, but Assign RHS's REPLICATE generates 9 bits.
                                                                                                                                                                                    : ... note: In instance 'axis_frame_fifo'
   67 | reg [DATA_WIDTH+2-1:0] data_out_reg = {1'b0, {DATA_WIDTH{1'b0}}};
      |                                       ^
                      ... For warning description see https://verilator.org/warn/WIDTHEXPAND?v=5.048
                      ... Use "/* verilator lint_off WIDTHEXPAND */" and lint_on around source to disable this message.
%Warning-WIDTHEXPAND: /Users/bytedance/cym/cymProject/k-circt-top-repo/services/kcirct-exp/external-defects/designs/axis-frame-fifo-d11/variants/d11/axis_frame_fifo_bug_d11.v:76:33: Operator ASSIGNW expects 10 bits on the Assign RHS, but Assign RHS's REPLICATE generates 9 bits.
                                                                                                                                                                                    : ... note: In instance 'axis_frame_fifo'
   76 | wire [DATA_WIDTH+2-1:0] data_in = {input_axis_tlast, input_axis_tdata};
      |                                 ^
%Warning-WIDTHTRUNC: /Users/bytedance/cym/cymProject/k-circt-top-repo/services/kcirct-exp/external-defects/designs/axis-frame-fifo-d11/variants/d11/axis_frame_fifo_bug_d11.v:90:47: Operator ASSIGNW expects 9 bits on the Assign RHS, but Assign RHS's VARREF 'data_out_reg' generates 10 bits.
                                                                                                                                                                                   : ... note: In instance 'axis_frame_fifo'
   90 | assign {output_axis_tlast, output_axis_tdata} = data_out_reg;
      |                                               ^
                     ... For warning description see https://verilator.org/warn/WIDTHTRUNC?v=5.048
                     ... Use "/* verilator lint_off WIDTHTRUNC */" and lint_on around source to disable this message.
ld: warning: reexported library with install name '/opt/homebrew/opt/llvm@17/lib/libunwind.1.dylib' found at '/opt/homebrew/Cellar/llvm@17/17.0.6/lib/libunwind.1.0.dylib' couldn't be matched with any parent library and will be linked directly
