c++  -I/opt/homebrew/opt/llvm@17/include -I.  -MMD -I/opt/homebrew/Cellar/verilator/5.048/share/verilator/include -I/opt/homebrew/Cellar/verilator/5.048/share/verilator/include/vltstd -DVERILATOR=1 -DVM_COVERAGE=0 -DVM_SC=0 -DVM_TIMING=0 -DVM_TRACE=1 -DVM_TRACE_FST=0 -DVM_TRACE_VCD=1 -DVM_TRACE_SAIF=0 -faligned-new -fbracket-depth=4096 -fcf-protection=none -Xclang -fno-pch-timestamp -Qunused-arguments -Wno-bool-operation -Wno-c++11-narrowing -Wno-constant-logical-operand -Wno-int-in-bool-context -Wno-non-pod-varargs -Wno-parentheses-equality -Wno-shadow -Wno-sign-compare -Wno-tautological-bitwise-compare -Wno-tautological-compare -Wno-uninitialized -Wno-unnecessary-virtual-specifier -Wno-unused-but-set-parameter -Wno-unused-but-set-variable -Wno-unused-parameter -Wno-unused-variable -Wno-vla-cxx-extension      -Os  -c -o driver.o /Users/bytedance/cym/cymProject/k-circt-top-repo/services/kcirct-exp/external-defects/.runs/vcd-complete-02/d8/golden/native/driver.cpp
c++ -Os  -I/opt/homebrew/opt/llvm@17/include -I.  -MMD -I/opt/homebrew/Cellar/verilator/5.048/share/verilator/include -I/opt/homebrew/Cellar/verilator/5.048/share/verilator/include/vltstd -DVERILATOR=1 -DVM_COVERAGE=0 -DVM_SC=0 -DVM_TIMING=0 -DVM_TRACE=1 -DVM_TRACE_FST=0 -DVM_TRACE_VCD=1 -DVM_TRACE_SAIF=0 -faligned-new -fbracket-depth=4096 -fcf-protection=none -Xclang -fno-pch-timestamp -Qunused-arguments -Wno-bool-operation -Wno-c++11-narrowing -Wno-constant-logical-operand -Wno-int-in-bool-context -Wno-non-pod-varargs -Wno-parentheses-equality -Wno-shadow -Wno-sign-compare -Wno-tautological-bitwise-compare -Wno-tautological-compare -Wno-uninitialized -Wno-unnecessary-virtual-specifier -Wno-unused-but-set-parameter -Wno-unused-but-set-variable -Wno-unused-parameter -Wno-unused-variable -Wno-vla-cxx-extension      -c -o verilated.o /opt/homebrew/Cellar/verilator/5.048/share/verilator/include/verilated.cpp
c++ -Os  -I/opt/homebrew/opt/llvm@17/include -I.  -MMD -I/opt/homebrew/Cellar/verilator/5.048/share/verilator/include -I/opt/homebrew/Cellar/verilator/5.048/share/verilator/include/vltstd -DVERILATOR=1 -DVM_COVERAGE=0 -DVM_SC=0 -DVM_TIMING=0 -DVM_TRACE=1 -DVM_TRACE_FST=0 -DVM_TRACE_VCD=1 -DVM_TRACE_SAIF=0 -faligned-new -fbracket-depth=4096 -fcf-protection=none -Xclang -fno-pch-timestamp -Qunused-arguments -Wno-bool-operation -Wno-c++11-narrowing -Wno-constant-logical-operand -Wno-int-in-bool-context -Wno-non-pod-varargs -Wno-parentheses-equality -Wno-shadow -Wno-sign-compare -Wno-tautological-bitwise-compare -Wno-tautological-compare -Wno-uninitialized -Wno-unnecessary-virtual-specifier -Wno-unused-but-set-parameter -Wno-unused-but-set-variable -Wno-unused-parameter -Wno-unused-variable -Wno-vla-cxx-extension      -c -o verilated_vcd_c.o /opt/homebrew/Cellar/verilator/5.048/share/verilator/include/verilated_vcd_c.cpp
c++ -Os  -I/opt/homebrew/opt/llvm@17/include -I.  -MMD -I/opt/homebrew/Cellar/verilator/5.048/share/verilator/include -I/opt/homebrew/Cellar/verilator/5.048/share/verilator/include/vltstd -DVERILATOR=1 -DVM_COVERAGE=0 -DVM_SC=0 -DVM_TIMING=0 -DVM_TRACE=1 -DVM_TRACE_FST=0 -DVM_TRACE_VCD=1 -DVM_TRACE_SAIF=0 -faligned-new -fbracket-depth=4096 -fcf-protection=none -Xclang -fno-pch-timestamp -Qunused-arguments -Wno-bool-operation -Wno-c++11-narrowing -Wno-constant-logical-operand -Wno-int-in-bool-context -Wno-non-pod-varargs -Wno-parentheses-equality -Wno-shadow -Wno-sign-compare -Wno-tautological-bitwise-compare -Wno-tautological-compare -Wno-uninitialized -Wno-unnecessary-virtual-specifier -Wno-unused-but-set-parameter -Wno-unused-but-set-variable -Wno-unused-parameter -Wno-unused-variable -Wno-vla-cxx-extension      -c -o verilated_threads.o /opt/homebrew/Cellar/verilator/5.048/share/verilator/include/verilated_threads.cpp
python3 /opt/homebrew/Cellar/verilator/5.048/share/verilator/bin/verilator_includer -DVL_INCLUDE_OPT=include Vcsvdut.cpp Vcsvdut___024root__0.cpp Vcsvdut__Trace__0.cpp Vcsvdut__ConstPool__0__Slow.cpp Vcsvdut___024root__Slow.cpp Vcsvdut___024root__0__Slow.cpp Vcsvdut__Syms__Slow.cpp Vcsvdut__Trace__0__Slow.cpp Vcsvdut__TraceDecls__0__Slow.cpp > Vcsvdut__ALL.cpp
c++ -Os  -I/opt/homebrew/opt/llvm@17/include -I.  -MMD -I/opt/homebrew/Cellar/verilator/5.048/share/verilator/include -I/opt/homebrew/Cellar/verilator/5.048/share/verilator/include/vltstd -DVERILATOR=1 -DVM_COVERAGE=0 -DVM_SC=0 -DVM_TIMING=0 -DVM_TRACE=1 -DVM_TRACE_FST=0 -DVM_TRACE_VCD=1 -DVM_TRACE_SAIF=0 -faligned-new -fbracket-depth=4096 -fcf-protection=none -Xclang -fno-pch-timestamp -Qunused-arguments -Wno-bool-operation -Wno-c++11-narrowing -Wno-constant-logical-operand -Wno-int-in-bool-context -Wno-non-pod-varargs -Wno-parentheses-equality -Wno-shadow -Wno-sign-compare -Wno-tautological-bitwise-compare -Wno-tautological-compare -Wno-uninitialized -Wno-unnecessary-virtual-specifier -Wno-unused-but-set-parameter -Wno-unused-but-set-variable -Wno-unused-parameter -Wno-unused-variable -Wno-vla-cxx-extension      -c -o Vcsvdut__ALL.o Vcsvdut__ALL.cpp
c++ -L/opt/homebrew/opt/llvm@17/lib  -Wl,-U,__Z15vl_time_stamp64v,-U,__Z13sc_time_stampv,-U,_vlog_startup_routines   driver.o verilated.o verilated_vcd_c.o verilated_threads.o Vcsvdut__ALL.a    -pthread -lpthread   -o sim
rm Vcsvdut__ALL.verilator_deplist.tmp
- V e r i l a t i o n   R e p o r t: Verilator 5.048 2026-04-26 rev vUNKNOWN-built20260426
- Verilator: Built from 0.215 MB sources in 6 modules, into 0.225 MB in 9 C++ files needing 0.000 MB
- Verilator: Walltime 3.639 s (elab=0.003, cvt=0.017, bld=3.589); cpu 0.025 s on 1 threads; allocated 14.688 MB
%Warning-PINMISSING: /Users/bytedance/cym/cymProject/k-circt-top-repo/services/kcirct-exp/external-defects/designs/axis-switch-d8/original/priority_encoder.v:71:9: Instance has missing pin: 'output_unencoded'
   71 |         priority_encoder_inst1 (
      |         ^~~~~~~~~~~~~~~~~~~~~~
                     /Users/bytedance/cym/cymProject/k-circt-top-repo/services/kcirct-exp/external-defects/designs/axis-switch-d8/original/priority_encoder.v:42:37: ... Location of port declaration
   42 |     output wire [WIDTH-1:0]         output_unencoded
      |                                     ^~~~~~~~~~~~~~~~
                     ... For warning description see https://verilator.org/warn/PINMISSING?v=5.048
                     ... Use "/* verilator lint_off PINMISSING */" and lint_on around source to disable this message.
%Warning-PINMISSING: /Users/bytedance/cym/cymProject/k-circt-top-repo/services/kcirct-exp/external-defects/designs/axis-switch-d8/original/priority_encoder.v:80:9: Instance has missing pin: 'output_unencoded'
   80 |         priority_encoder_inst2 (
      |         ^~~~~~~~~~~~~~~~~~~~~~
                     /Users/bytedance/cym/cymProject/k-circt-top-repo/services/kcirct-exp/external-defects/designs/axis-switch-d8/original/priority_encoder.v:42:37: ... Location of port declaration
   42 |     output wire [WIDTH-1:0]         output_unencoded
      |                                     ^~~~~~~~~~~~~~~~
%Warning-WIDTHTRUNC: /Users/bytedance/cym/cymProject/k-circt-top-repo/services/kcirct-exp/external-defects/designs/axis-switch-d8/original/arbiter.v:105:59: Logical operator LOGNOT expects 1 bit on the LHS, but LHS's AND generates 4 bits.
                                                                                                                                                           : ... note: In instance 'axis_switch.m_ifaces[0].arb_inst'
  105 |     end else if (BLOCK == "ACKNOWLEDGE" && grant_valid && !(grant_reg & acknowledge)) begin
      |                                                           ^
                     ... For warning description see https://verilator.org/warn/WIDTHTRUNC?v=5.048
                     ... Use "/* verilator lint_off WIDTHTRUNC */" and lint_on around source to disable this message.
%Warning-WIDTHTRUNC: /Users/bytedance/cym/cymProject/k-circt-top-repo/services/kcirct-exp/external-defects/designs/axis-switch-d8/original/arbiter.v:100:28: Logical operator LOGAND expects 1 bit on the RHS, but RHS's AND generates 4 bits.
                                                                                                                                                           : ... note: In instance 'axis_switch.m_ifaces[0].arb_inst'
  100 |     if (BLOCK == "REQUEST" && grant_reg & request) begin
      |                            ^~
%Warning-ASCRANGE: /Users/bytedance/cym/cymProject/k-circt-top-repo/services/kcirct-exp/external-defects/designs/axis-switch-d8/original/axis_switch.v:176:13: Ascending bit range vector: left < right of bit range: [-1:0]
                                                                                                                                                             : ... note: In instance 'axis_switch'
  176 |         reg [CL_M_COUNT-1:0] select_reg = 0;
      |             ^
                   ... For warning description see https://verilator.org/warn/ASCRANGE?v=5.048
                   ... Use "/* verilator lint_off ASCRANGE */" and lint_on around source to disable this message.
%Warning-ASCRANGE: /Users/bytedance/cym/cymProject/k-circt-top-repo/services/kcirct-exp/external-defects/designs/axis-switch-d8/original/axis_switch.v:177:13: Ascending bit range vector: left < right of bit range: [-1:0]
                                                                                                                                                             : ... note: In instance 'axis_switch'
  177 |         reg [CL_M_COUNT-1:0] select_next;
      |             ^
%Warning-WIDTHEXPAND: /Users/bytedance/cym/cymProject/k-circt-top-repo/services/kcirct-exp/external-defects/designs/axis-switch-d8/original/axis_switch.v:191:29: Operator ASSIGN expects 2 bits on the Assign RHS, but Assign RHS's CONST '1'h0' generates 1 bits.
                                                                                                                                                                : ... note: In instance 'axis_switch'
  191 |                 select_next = 1'b0;
      |                             ^
                      ... For warning description see https://verilator.org/warn/WIDTHEXPAND?v=5.048
                      ... Use "/* verilator lint_off WIDTHEXPAND */" and lint_on around source to disable this message.
%Warning-WIDTHTRUNC: /Users/bytedance/cym/cymProject/k-circt-top-repo/services/kcirct-exp/external-defects/designs/axis-switch-d8/original/axis_switch.v:198:41: Operator ASSIGN expects 2 bits on the Assign RHS, but Assign RHS's VARREF 'k' generates 32 bits.
                                                                                                                                                               : ... note: In instance 'axis_switch'
  198 |                             select_next = k;
      |                                         ^
%Warning-WIDTHEXPAND: /Users/bytedance/cym/cymProject/k-circt-top-repo/services/kcirct-exp/external-defects/designs/axis-switch-d8/original/axis_switch.v:197:74: Operator EQ expects 32 bits on the LHS, but LHS's SEL generates 1 bits.
                                                                                                                                                                : ... note: In instance 'axis_switch'
  197 |                         if (int_s_axis_tdest[m*DEST_WIDTH +: DEST_WIDTH] == k && (M_CONNECT & (1 << (m+k*S_COUNT)))) begin
      |                                                                          ^~
%Warning-WIDTHTRUNC: /Users/bytedance/cym/cymProject/k-circt-top-repo/services/kcirct-exp/external-defects/designs/axis-switch-d8/original/axis_switch.v:197:79: Logical operator LOGAND expects 1 bit on the RHS, but RHS's AND generates 32 or 4 bits.
                                                                                                                                                               : ... note: In instance 'axis_switch'
  197 |                         if (int_s_axis_tdest[m*DEST_WIDTH +: DEST_WIDTH] == k && (M_CONNECT & (1 << (m+k*S_COUNT)))) begin
      |                                                                               ^~
%Warning-WIDTHTRUNC: /Users/bytedance/cym/cymProject/k-circt-top-repo/services/kcirct-exp/external-defects/designs/axis-switch-d8/original/axis_switch.v:205:41: Operator ASSIGN expects 2 bits on the Assign RHS, but Assign RHS's VARREF 'k' generates 32 bits.
                                                                                                                                                               : ... note: In instance 'axis_switch'
  205 |                             select_next = k;
      |                                         ^
%Warning-WIDTHTRUNC: /Users/bytedance/cym/cymProject/k-circt-top-repo/services/kcirct-exp/external-defects/designs/axis-switch-d8/original/axis_switch.v:204:112: Logical operator LOGAND expects 1 bit on the RHS, but RHS's AND generates 32 or 4 bits.
                                                                                                                                                                : ... note: In instance 'axis_switch'
  204 |                         if (int_s_axis_tdest[m*DEST_WIDTH +: DEST_WIDTH] == M_BASE[k*DEST_WIDTH +: DEST_WIDTH] && (M_CONNECT & (1 << (m+k*S_COUNT)))) begin
      |                                                                                                                ^~
%Warning-WIDTHTRUNC: /Users/bytedance/cym/cymProject/k-circt-top-repo/services/kcirct-exp/external-defects/designs/axis-switch-d8/original/axis_switch.v:211:41: Operator ASSIGN expects 2 bits on the Assign RHS, but Assign RHS's VARREF 'k' generates 32 bits.
                                                                                                                                                               : ... note: In instance 'axis_switch'
  211 |                             select_next = k;
      |                                         ^
%Warning-WIDTHTRUNC: /Users/bytedance/cym/cymProject/k-circt-top-repo/services/kcirct-exp/external-defects/designs/axis-switch-d8/original/axis_switch.v:210:197: Logical operator LOGAND expects 1 bit on the RHS, but RHS's AND generates 32 or 4 bits.
                                                                                                                                                                : ... note: In instance 'axis_switch'
  210 |                         if (int_s_axis_tdest[m*DEST_WIDTH +: DEST_WIDTH] >= M_BASE[k*DEST_WIDTH +: DEST_WIDTH] && int_s_axis_tdest[m*DEST_WIDTH +: DEST_WIDTH] <= M_TOP[k*DEST_WIDTH +: DEST_WIDTH] && (M_CONNECT & (1 << (m+k*S_COUNT)))) begin
      |                                                                                                                                                                                                     ^~
%Warning-WIDTHEXPAND: /Users/bytedance/cym/cymProject/k-circt-top-repo/services/kcirct-exp/external-defects/designs/axis-switch-d8/original/axis_switch.v:308:91: Operator SHIFTL expects 4 bits on the LHS, but LHS's LOGAND generates 1 bits.
                                                                                                                                                                : ... note: In instance 'axis_switch'
  308 |         assign int_axis_tready[n*S_COUNT +: S_COUNT] = (grant_valid && s_axis_tready_mux) << grant_encoded;
      |                                                                                           ^~
ld: warning: reexported library with install name '/opt/homebrew/opt/llvm@17/lib/libunwind.1.dylib' found at '/opt/homebrew/Cellar/llvm@17/17.0.6/lib/libunwind.1.0.dylib' couldn't be matched with any parent library and will be linked directly
