%Warning-WIDTHTRUNC: /Users/bytedance/cym/cymProject/k-circt-top-repo/services/kcirct-exp/external-defects/designs/axis-adapter-s3/variants/s3/axis_adapter_bug_s3.v:160:39: Operator ASSIGN expects 8 bits on the Assign RHS, but Assign RHS's VARREF 'input_axis_tdata' generates 64 bits.
                                                                                                                                                                           : ... note: In instance 'axis_adapter'
  160 |                 output_axis_tdata_int = input_axis_tdata;
      |                                       ^
                     ... For warning description see https://verilator.org/warn/WIDTHTRUNC?v=5.048
                     ... Use "/* verilator lint_off WIDTHTRUNC */" and lint_on around source to disable this message.
%Warning-WIDTHTRUNC: /Users/bytedance/cym/cymProject/k-circt-top-repo/services/kcirct-exp/external-defects/designs/axis-adapter-s3/variants/s3/axis_adapter_bug_s3.v:161:39: Operator ASSIGN expects 1 bits on the Assign RHS, but Assign RHS's VARREF 'input_axis_tkeep' generates 8 bits.
                                                                                                                                                                           : ... note: In instance 'axis_adapter'
  161 |                 output_axis_tkeep_int = input_axis_tkeep;
      |                                       ^
%Warning-WIDTHTRUNC: /Users/bytedance/cym/cymProject/k-circt-top-repo/services/kcirct-exp/external-defects/designs/axis-adapter-s3/variants/s3/axis_adapter_bug_s3.v:214:43: Operator ASSIGN expects 8 bits on the Assign RHS, but Assign RHS's VARREF 'input_axis_tdata' generates 64 bits.
                                                                                                                                                                           : ... note: In instance 'axis_adapter'
  214 |                     output_axis_tdata_int = input_axis_tdata;
      |                                           ^
%Warning-WIDTHTRUNC: /Users/bytedance/cym/cymProject/k-circt-top-repo/services/kcirct-exp/external-defects/designs/axis-adapter-s3/variants/s3/axis_adapter_bug_s3.v:215:43: Operator ASSIGN expects 1 bits on the Assign RHS, but Assign RHS's VARREF 'input_axis_tkeep' generates 8 bits.
                                                                                                                                                                           : ... note: In instance 'axis_adapter'
  215 |                     output_axis_tkeep_int = input_axis_tkeep;
      |                                           ^
%Warning-WIDTHTRUNC: /Users/bytedance/cym/cymProject/k-circt-top-repo/services/kcirct-exp/external-defects/designs/axis-adapter-s3/variants/s3/axis_adapter_bug_s3.v:243:87: Operator ASSIGN expects 8 bits on the Assign RHS, but Assign RHS's VARREF 'input_axis_tdata' generates 64 bits.
                                                                                                                                                                           : ... note: In instance 'axis_adapter'
  243 |                 temp_tdata_next[cycle_count_reg*CYCLE_DATA_WIDTH +: CYCLE_DATA_WIDTH] = input_axis_tdata;
      |                                                                                       ^
%Warning-WIDTHTRUNC: /Users/bytedance/cym/cymProject/k-circt-top-repo/services/kcirct-exp/external-defects/designs/axis-adapter-s3/variants/s3/axis_adapter_bug_s3.v:244:87: Operator ASSIGN expects 1 bits on the Assign RHS, but Assign RHS's VARREF 'input_axis_tkeep' generates 8 bits.
                                                                                                                                                                           : ... note: In instance 'axis_adapter'
  244 |                 temp_tkeep_next[cycle_count_reg*CYCLE_KEEP_WIDTH +: CYCLE_KEEP_WIDTH] = input_axis_tkeep;
      |                                                                                       ^
%Warning-WIDTHEXPAND: /Users/bytedance/cym/cymProject/k-circt-top-repo/services/kcirct-exp/external-defects/designs/axis-adapter-s3/variants/s3/axis_adapter_bug_s3.v:250:38: Operator EQ expects 32 bits on the LHS, but LHS's VARREF 'cycle_count_reg' generates 8 bits.
                                                                                                                                                                            : ... note: In instance 'axis_adapter'
  250 |                 if ((cycle_count_reg == CYCLE_COUNT-1) | input_axis_tlast) begin
      |                                      ^~
                      ... For warning description see https://verilator.org/warn/WIDTHEXPAND?v=5.048
                      ... Use "/* verilator lint_off WIDTHEXPAND */" and lint_on around source to disable this message.
%Warning-WIDTHTRUNC: /Users/bytedance/cym/cymProject/k-circt-top-repo/services/kcirct-exp/external-defects/designs/axis-adapter-s3/variants/s3/axis_adapter_bug_s3.v:274:39: Operator ASSIGN expects 8 bits on the Assign RHS, but Assign RHS's VARREF 'temp_tdata_reg' generates 64 bits.
                                                                                                                                                                           : ... note: In instance 'axis_adapter'
  274 |                 output_axis_tdata_int = temp_tdata_reg;
      |                                       ^
%Warning-WIDTHTRUNC: /Users/bytedance/cym/cymProject/k-circt-top-repo/services/kcirct-exp/external-defects/designs/axis-adapter-s3/variants/s3/axis_adapter_bug_s3.v:275:39: Operator ASSIGN expects 1 bits on the Assign RHS, but Assign RHS's VARREF 'temp_tkeep_reg' generates 8 bits.
                                                                                                                                                                           : ... note: In instance 'axis_adapter'
  275 |                 output_axis_tkeep_int = temp_tkeep_reg;
      |                                       ^
%Warning-WIDTHEXPAND: /Users/bytedance/cym/cymProject/k-circt-top-repo/services/kcirct-exp/external-defects/designs/axis-adapter-s3/variants/s3/axis_adapter_bug_s3.v:321:76: Operator EQ expects 32 bits on the LHS, but LHS's VARREF 'cycle_count_reg' generates 8 bits.
                                                                                                                                                                            : ... note: In instance 'axis_adapter'
  321 |                 output_axis_tlast_int = temp_tlast_reg & ((cycle_count_reg == CYCLE_COUNT-1) | (temp_tkeep_reg[cycle_count_reg*CYCLE_KEEP_WIDTH +: CYCLE_KEEP_WIDTH] != {CYCLE_KEEP_WIDTH{1'b1}}));
      |                                                                            ^~
%Warning-WIDTHEXPAND: /Users/bytedance/cym/cymProject/k-circt-top-repo/services/kcirct-exp/external-defects/designs/axis-adapter-s3/variants/s3/axis_adapter_bug_s3.v:322:76: Operator EQ expects 32 bits on the LHS, but LHS's VARREF 'cycle_count_reg' generates 8 bits.
                                                                                                                                                                            : ... note: In instance 'axis_adapter'
  322 |                 output_axis_tuser_int = temp_tuser_reg & ((cycle_count_reg == CYCLE_COUNT-1) | (temp_tkeep_reg[cycle_count_reg*CYCLE_KEEP_WIDTH +: CYCLE_KEEP_WIDTH] != {CYCLE_KEEP_WIDTH{1'b1}}));
      |                                                                            ^~
%Warning-WIDTHEXPAND: /Users/bytedance/cym/cymProject/k-circt-top-repo/services/kcirct-exp/external-defects/designs/axis-adapter-s3/variants/s3/axis_adapter_bug_s3.v:329:42: Operator EQ expects 32 bits on the LHS, but LHS's VARREF 'cycle_count_reg' generates 8 bits.
                                                                                                                                                                            : ... note: In instance 'axis_adapter'
  329 |                     if ((cycle_count_reg == CYCLE_COUNT-1) | (temp_tkeep_reg[cycle_count_reg*CYCLE_KEEP_WIDTH +: CYCLE_KEEP_WIDTH] != {CYCLE_KEEP_WIDTH{1'b1}})) begin
      |                                          ^~
%Warning-CASEINCOMPLETE: /Users/bytedance/cym/cymProject/k-circt-top-repo/services/kcirct-exp/external-defects/designs/axis-adapter-s3/variants/s3/axis_adapter_bug_s3.v:150:5: Case values incompletely covered (example pattern 0x3)
  150 |     case (state_reg)
      |     ^~~~
                         ... For warning description see https://verilator.org/warn/CASEINCOMPLETE?v=5.048
                         ... Use "/* verilator lint_off CASEINCOMPLETE */" and lint_on around source to disable this message.
ld: warning: reexported library with install name '/opt/homebrew/opt/llvm@17/lib/libunwind.1.dylib' found at '/opt/homebrew/Cellar/llvm@17/17.0.6/lib/libunwind.1.0.dylib' couldn't be matched with any parent library and will be linked directly
