c++  -I/opt/homebrew/opt/llvm@17/include -I.  -MMD -I/opt/homebrew/Cellar/verilator/5.048/share/verilator/include -I/opt/homebrew/Cellar/verilator/5.048/share/verilator/include/vltstd -DVERILATOR=1 -DVM_COVERAGE=0 -DVM_SC=0 -DVM_TIMING=0 -DVM_TRACE=1 -DVM_TRACE_FST=0 -DVM_TRACE_VCD=1 -DVM_TRACE_SAIF=0 -faligned-new -fbracket-depth=4096 -fcf-protection=none -Xclang -fno-pch-timestamp -Qunused-arguments -Wno-bool-operation -Wno-c++11-narrowing -Wno-constant-logical-operand -Wno-int-in-bool-context -Wno-non-pod-varargs -Wno-parentheses-equality -Wno-shadow -Wno-sign-compare -Wno-tautological-bitwise-compare -Wno-tautological-compare -Wno-uninitialized -Wno-unnecessary-virtual-specifier -Wno-unused-but-set-parameter -Wno-unused-but-set-variable -Wno-unused-parameter -Wno-unused-variable -Wno-vla-cxx-extension      -Os  -c -o driver.o /Users/bytedance/cym/cymProject/k-circt-top-repo/services/kcirct-exp/external-defects/.runs/vcd-standard-02/s3/golden/native/driver.cpp
c++ -Os  -I/opt/homebrew/opt/llvm@17/include -I.  -MMD -I/opt/homebrew/Cellar/verilator/5.048/share/verilator/include -I/opt/homebrew/Cellar/verilator/5.048/share/verilator/include/vltstd -DVERILATOR=1 -DVM_COVERAGE=0 -DVM_SC=0 -DVM_TIMING=0 -DVM_TRACE=1 -DVM_TRACE_FST=0 -DVM_TRACE_VCD=1 -DVM_TRACE_SAIF=0 -faligned-new -fbracket-depth=4096 -fcf-protection=none -Xclang -fno-pch-timestamp -Qunused-arguments -Wno-bool-operation -Wno-c++11-narrowing -Wno-constant-logical-operand -Wno-int-in-bool-context -Wno-non-pod-varargs -Wno-parentheses-equality -Wno-shadow -Wno-sign-compare -Wno-tautological-bitwise-compare -Wno-tautological-compare -Wno-uninitialized -Wno-unnecessary-virtual-specifier -Wno-unused-but-set-parameter -Wno-unused-but-set-variable -Wno-unused-parameter -Wno-unused-variable -Wno-vla-cxx-extension      -c -o verilated.o /opt/homebrew/Cellar/verilator/5.048/share/verilator/include/verilated.cpp
c++ -Os  -I/opt/homebrew/opt/llvm@17/include -I.  -MMD -I/opt/homebrew/Cellar/verilator/5.048/share/verilator/include -I/opt/homebrew/Cellar/verilator/5.048/share/verilator/include/vltstd -DVERILATOR=1 -DVM_COVERAGE=0 -DVM_SC=0 -DVM_TIMING=0 -DVM_TRACE=1 -DVM_TRACE_FST=0 -DVM_TRACE_VCD=1 -DVM_TRACE_SAIF=0 -faligned-new -fbracket-depth=4096 -fcf-protection=none -Xclang -fno-pch-timestamp -Qunused-arguments -Wno-bool-operation -Wno-c++11-narrowing -Wno-constant-logical-operand -Wno-int-in-bool-context -Wno-non-pod-varargs -Wno-parentheses-equality -Wno-shadow -Wno-sign-compare -Wno-tautological-bitwise-compare -Wno-tautological-compare -Wno-uninitialized -Wno-unnecessary-virtual-specifier -Wno-unused-but-set-parameter -Wno-unused-but-set-variable -Wno-unused-parameter -Wno-unused-variable -Wno-vla-cxx-extension      -c -o verilated_vcd_c.o /opt/homebrew/Cellar/verilator/5.048/share/verilator/include/verilated_vcd_c.cpp
c++ -Os  -I/opt/homebrew/opt/llvm@17/include -I.  -MMD -I/opt/homebrew/Cellar/verilator/5.048/share/verilator/include -I/opt/homebrew/Cellar/verilator/5.048/share/verilator/include/vltstd -DVERILATOR=1 -DVM_COVERAGE=0 -DVM_SC=0 -DVM_TIMING=0 -DVM_TRACE=1 -DVM_TRACE_FST=0 -DVM_TRACE_VCD=1 -DVM_TRACE_SAIF=0 -faligned-new -fbracket-depth=4096 -fcf-protection=none -Xclang -fno-pch-timestamp -Qunused-arguments -Wno-bool-operation -Wno-c++11-narrowing -Wno-constant-logical-operand -Wno-int-in-bool-context -Wno-non-pod-varargs -Wno-parentheses-equality -Wno-shadow -Wno-sign-compare -Wno-tautological-bitwise-compare -Wno-tautological-compare -Wno-uninitialized -Wno-unnecessary-virtual-specifier -Wno-unused-but-set-parameter -Wno-unused-but-set-variable -Wno-unused-parameter -Wno-unused-variable -Wno-vla-cxx-extension      -c -o verilated_threads.o /opt/homebrew/Cellar/verilator/5.048/share/verilator/include/verilated_threads.cpp
python3 /opt/homebrew/Cellar/verilator/5.048/share/verilator/bin/verilator_includer -DVL_INCLUDE_OPT=include Vcsvdut.cpp Vcsvdut___024root__0.cpp Vcsvdut__Trace__0.cpp Vcsvdut___024root__Slow.cpp Vcsvdut___024root__0__Slow.cpp Vcsvdut__Syms__Slow.cpp Vcsvdut__Trace__0__Slow.cpp Vcsvdut__TraceDecls__0__Slow.cpp > Vcsvdut__ALL.cpp
c++ -Os  -I/opt/homebrew/opt/llvm@17/include -I.  -MMD -I/opt/homebrew/Cellar/verilator/5.048/share/verilator/include -I/opt/homebrew/Cellar/verilator/5.048/share/verilator/include/vltstd -DVERILATOR=1 -DVM_COVERAGE=0 -DVM_SC=0 -DVM_TIMING=0 -DVM_TRACE=1 -DVM_TRACE_FST=0 -DVM_TRACE_VCD=1 -DVM_TRACE_SAIF=0 -faligned-new -fbracket-depth=4096 -fcf-protection=none -Xclang -fno-pch-timestamp -Qunused-arguments -Wno-bool-operation -Wno-c++11-narrowing -Wno-constant-logical-operand -Wno-int-in-bool-context -Wno-non-pod-varargs -Wno-parentheses-equality -Wno-shadow -Wno-sign-compare -Wno-tautological-bitwise-compare -Wno-tautological-compare -Wno-uninitialized -Wno-unnecessary-virtual-specifier -Wno-unused-but-set-parameter -Wno-unused-but-set-variable -Wno-unused-parameter -Wno-unused-variable -Wno-vla-cxx-extension      -c -o Vcsvdut__ALL.o Vcsvdut__ALL.cpp
c++ -L/opt/homebrew/opt/llvm@17/lib  -Wl,-U,__Z15vl_time_stamp64v,-U,__Z13sc_time_stampv,-U,_vlog_startup_routines   driver.o verilated.o verilated_vcd_c.o verilated_threads.o Vcsvdut__ALL.a    -pthread -lpthread   -o sim
rm Vcsvdut__ALL.verilator_deplist.tmp
- V e r i l a t i o n   R e p o r t: Verilator 5.048 2026-04-26 rev vUNKNOWN-built20260426
- Verilator: Built from 0.061 MB sources in 2 modules, into 0.095 MB in 8 C++ files needing 0.000 MB
- Verilator: Walltime 3.572 s (elab=0.001, cvt=0.006, bld=3.537); cpu 0.012 s on 1 threads; allocated 11.859 MB
%Warning-WIDTHTRUNC: /Users/bytedance/cym/cymProject/k-circt-top-repo/services/kcirct-exp/external-defects/designs/axis-adapter-s3/original/axis_adapter.v:162:39: Operator ASSIGN expects 8 bits on the Assign RHS, but Assign RHS's VARREF 'input_axis_tdata' generates 64 bits.
                                                                                                                                                                 : ... note: In instance 'axis_adapter'
  162 |                 output_axis_tdata_int = input_axis_tdata;
      |                                       ^
                     ... For warning description see https://verilator.org/warn/WIDTHTRUNC?v=5.048
                     ... Use "/* verilator lint_off WIDTHTRUNC */" and lint_on around source to disable this message.
%Warning-WIDTHTRUNC: /Users/bytedance/cym/cymProject/k-circt-top-repo/services/kcirct-exp/external-defects/designs/axis-adapter-s3/original/axis_adapter.v:163:39: Operator ASSIGN expects 1 bits on the Assign RHS, but Assign RHS's VARREF 'input_axis_tkeep' generates 8 bits.
                                                                                                                                                                 : ... note: In instance 'axis_adapter'
  163 |                 output_axis_tkeep_int = input_axis_tkeep;
      |                                       ^
%Warning-WIDTHTRUNC: /Users/bytedance/cym/cymProject/k-circt-top-repo/services/kcirct-exp/external-defects/designs/axis-adapter-s3/original/axis_adapter.v:263:87: Operator ASSIGN expects 8 bits on the Assign RHS, but Assign RHS's VARREF 'input_axis_tdata' generates 64 bits.
                                                                                                                                                                 : ... note: In instance 'axis_adapter'
  263 |                 temp_tdata_next[cycle_count_reg*CYCLE_DATA_WIDTH +: CYCLE_DATA_WIDTH] = input_axis_tdata;
      |                                                                                       ^
%Warning-WIDTHTRUNC: /Users/bytedance/cym/cymProject/k-circt-top-repo/services/kcirct-exp/external-defects/designs/axis-adapter-s3/original/axis_adapter.v:264:87: Operator ASSIGN expects 1 bits on the Assign RHS, but Assign RHS's VARREF 'input_axis_tkeep' generates 8 bits.
                                                                                                                                                                 : ... note: In instance 'axis_adapter'
  264 |                 temp_tkeep_next[cycle_count_reg*CYCLE_KEEP_WIDTH +: CYCLE_KEEP_WIDTH] = input_axis_tkeep;
      |                                                                                       ^
%Warning-WIDTHEXPAND: /Users/bytedance/cym/cymProject/k-circt-top-repo/services/kcirct-exp/external-defects/designs/axis-adapter-s3/original/axis_adapter.v:270:38: Operator EQ expects 32 bits on the LHS, but LHS's VARREF 'cycle_count_reg' generates 8 bits.
                                                                                                                                                                  : ... note: In instance 'axis_adapter'
  270 |                 if ((cycle_count_reg == CYCLE_COUNT-1) | input_axis_tlast) begin
      |                                      ^~
                      ... For warning description see https://verilator.org/warn/WIDTHEXPAND?v=5.048
                      ... Use "/* verilator lint_off WIDTHEXPAND */" and lint_on around source to disable this message.
%Warning-WIDTHTRUNC: /Users/bytedance/cym/cymProject/k-circt-top-repo/services/kcirct-exp/external-defects/designs/axis-adapter-s3/original/axis_adapter.v:294:39: Operator ASSIGN expects 8 bits on the Assign RHS, but Assign RHS's VARREF 'temp_tdata_reg' generates 64 bits.
                                                                                                                                                                 : ... note: In instance 'axis_adapter'
  294 |                 output_axis_tdata_int = temp_tdata_reg;
      |                                       ^
%Warning-WIDTHTRUNC: /Users/bytedance/cym/cymProject/k-circt-top-repo/services/kcirct-exp/external-defects/designs/axis-adapter-s3/original/axis_adapter.v:295:39: Operator ASSIGN expects 1 bits on the Assign RHS, but Assign RHS's VARREF 'temp_tkeep_reg' generates 8 bits.
                                                                                                                                                                 : ... note: In instance 'axis_adapter'
  295 |                 output_axis_tkeep_int = temp_tkeep_reg;
      |                                       ^
%Warning-WIDTHEXPAND: /Users/bytedance/cym/cymProject/k-circt-top-repo/services/kcirct-exp/external-defects/designs/axis-adapter-s3/original/axis_adapter.v:344:61: Operator ADD expects 32 bits on the LHS, but LHS's VARREF 'cycle_count_reg' generates 8 bits.
                                                                                                                                                                  : ... note: In instance 'axis_adapter'
  344 |                 end else if (temp_tkeep_reg[(cycle_count_reg+1)*CYCLE_KEEP_WIDTH +: CYCLE_KEEP_WIDTH] == {CYCLE_KEEP_WIDTH{1'b0}}) begin
      |                                                             ^
%Warning-WIDTHEXPAND: /Users/bytedance/cym/cymProject/k-circt-top-repo/services/kcirct-exp/external-defects/designs/axis-adapter-s3/original/axis_adapter.v:338:37: Operator EQ expects 32 bits on the LHS, but LHS's VARREF 'cycle_count_reg' generates 8 bits.
                                                                                                                                                                  : ... note: In instance 'axis_adapter'
  338 |                 if (cycle_count_reg == CYCLE_COUNT-1) begin
      |                                     ^~
%Warning-CASEINCOMPLETE: /Users/bytedance/cym/cymProject/k-circt-top-repo/services/kcirct-exp/external-defects/designs/axis-adapter-s3/original/axis_adapter.v:152:5: Case values incompletely covered (example pattern 0x3)
  152 |     case (state_reg)
      |     ^~~~
                         ... For warning description see https://verilator.org/warn/CASEINCOMPLETE?v=5.048
                         ... Use "/* verilator lint_off CASEINCOMPLETE */" and lint_on around source to disable this message.
%Warning-LATCH: /Users/bytedance/cym/cymProject/k-circt-top-repo/services/kcirct-exp/external-defects/designs/axis-adapter-s3/original/axis_adapter.v:134:1: Latch inferred for signal 'axis_adapter.last_cycle' (not all control paths of combinational always assign a value)
                                                                                                                                                           : ... Suggest use of always_latch for intentional latches
  134 | always @* begin
      | ^~~~~~
                ... For warning description see https://verilator.org/warn/LATCH?v=5.048
                ... Use "/* verilator lint_off LATCH */" and lint_on around source to disable this message.
ld: warning: reexported library with install name '/opt/homebrew/opt/llvm@17/lib/libunwind.1.dylib' found at '/opt/homebrew/Cellar/llvm@17/17.0.6/lib/libunwind.1.0.dylib' couldn't be matched with any parent library and will be linked directly
